2025-03-08 18:43:02,195 - model.py - INFO: => Loading pretrained model checkpoint/yfcc14m_swin_base.pth
